{"timestamp":"2026-06-08T09:11:03.128Z","level":"INFO","message":"Server running on port 5000","env":"production","port":"5000"}
{"timestamp":"2026-06-08T09:11:03.954Z","level":"INFO","message":"MongoDB connected"}
{"timestamp":"2026-06-08T09:23:49.123Z","level":"INFO","message":"Socket connected","userId":"6895d75f48eecf826c964cc4","socketId":"-DKqvW9oRLlM4FnCAAAB","role":"student"}
{"timestamp":"2026-06-08T09:23:52.993Z","level":"INFO","message":"Socket disconnected","userId":"6895d75f48eecf826c964cc4","socketId":"-DKqvW9oRLlM4FnCAAAB","reason":"transport close"}
{"timestamp":"2026-06-08T09:23:54.650Z","level":"INFO","message":"Socket connected","userId":"6895d75f48eecf826c964cc4","socketId":"TMb7I_qhBRt6MFw5AAAD","role":"student"}
{"timestamp":"2026-06-08T09:24:10.734Z","level":"INFO","message":"Socket disconnected","userId":"6895d75f48eecf826c964cc4","socketId":"TMb7I_qhBRt6MFw5AAAD","reason":"transport close"}
{"timestamp":"2026-06-08T09:24:12.369Z","level":"INFO","message":"Socket connected","userId":"6895d75f48eecf826c964cc4","socketId":"EruCyCUUbTeFFcUDAAAF","role":"student"}
{"timestamp":"2026-06-08T09:24:16.204Z","level":"INFO","message":"Socket disconnected","userId":"6895d75f48eecf826c964cc4","socketId":"EruCyCUUbTeFFcUDAAAF","reason":"transport close"}
{"timestamp":"2026-06-08T09:24:17.806Z","level":"INFO","message":"Socket connected","userId":"6895d75f48eecf826c964cc4","socketId":"V5RU_TYkMfQdG7qOAAAH","role":"student"}
{"timestamp":"2026-06-08T09:24:21.082Z","level":"INFO","message":"Socket disconnected","userId":"6895d75f48eecf826c964cc4","socketId":"V5RU_TYkMfQdG7qOAAAH","reason":"transport close"}
{"timestamp":"2026-06-08T09:24:22.747Z","level":"INFO","message":"Socket connected","userId":"6895d75f48eecf826c964cc4","socketId":"dPOJkDzAaH18OauwAAAJ","role":"student"}
{"timestamp":"2026-06-08T09:24:37.205Z","level":"INFO","message":"Socket disconnected","userId":"6895d75f48eecf826c964cc4","socketId":"dPOJkDzAaH18OauwAAAJ","reason":"transport close"}
{"timestamp":"2026-06-08T09:24:38.833Z","level":"INFO","message":"Socket connected","userId":"6895d75f48eecf826c964cc4","socketId":"quprjzIZK13Jg4tnAAAL","role":"student"}
{"timestamp":"2026-06-08T09:24:41.140Z","level":"INFO","message":"Socket disconnected","userId":"6895d75f48eecf826c964cc4","socketId":"quprjzIZK13Jg4tnAAAL","reason":"transport close"}
{"timestamp":"2026-06-08T09:24:42.752Z","level":"INFO","message":"Socket connected","userId":"6895d75f48eecf826c964cc4","socketId":"FBZxDcDeSPWjF9CmAAAN","role":"student"}
{"timestamp":"2026-06-08T09:24:51.661Z","level":"INFO","message":"Socket disconnected","userId":"6895d75f48eecf826c964cc4","socketId":"FBZxDcDeSPWjF9CmAAAN","reason":"transport close"}
{"timestamp":"2026-06-08T09:24:53.272Z","level":"INFO","message":"Socket connected","userId":"6895d75f48eecf826c964cc4","socketId":"t2T49AbKqWOeXchiAAAP","role":"student"}
{"timestamp":"2026-06-08T09:28:05.481Z","level":"INFO","message":"Socket disconnected","userId":"6895d75f48eecf826c964cc4","socketId":"t2T49AbKqWOeXchiAAAP","reason":"transport close"}
{"timestamp":"2026-06-08T09:28:07.121Z","level":"INFO","message":"Socket connected","userId":"6895d75f48eecf826c964cc4","socketId":"XhZ-H4-gi9GYMqmCAAAR","role":"student"}
{"timestamp":"2026-06-08T09:28:09.170Z","level":"INFO","message":"Socket disconnected","userId":"6895d75f48eecf826c964cc4","socketId":"XhZ-H4-gi9GYMqmCAAAR","reason":"transport close"}
{"timestamp":"2026-06-08T09:28:10.839Z","level":"INFO","message":"Socket connected","userId":"6895d75f48eecf826c964cc4","socketId":"6Qe_3rm-9Xj4deoFAAAT","role":"student"}
{"timestamp":"2026-06-08T09:28:34.813Z","level":"INFO","message":"Socket disconnected","userId":"6895d75f48eecf826c964cc4","socketId":"6Qe_3rm-9Xj4deoFAAAT","reason":"transport close"}
{"timestamp":"2026-06-08T09:28:36.426Z","level":"INFO","message":"Socket connected","userId":"6895d75f48eecf826c964cc4","socketId":"r1TY_3E5LmQEx-Z1AAAV","role":"student"}
{"timestamp":"2026-06-08T09:28:48.096Z","level":"INFO","message":"Socket disconnected","userId":"6895d75f48eecf826c964cc4","socketId":"r1TY_3E5LmQEx-Z1AAAV","reason":"transport close"}
{"timestamp":"2026-06-08T09:28:50.416Z","level":"INFO","message":"Socket connected","userId":"6895d75f48eecf826c964cc4","socketId":"qovHgoL7jzt9e93oAAAX","role":"student"}
{"timestamp":"2026-06-08T09:29:13.915Z","level":"INFO","message":"Socket disconnected","userId":"6895d75f48eecf826c964cc4","socketId":"qovHgoL7jzt9e93oAAAX","reason":"client namespace disconnect"}
{"timestamp":"2026-06-08T09:29:16.228Z","level":"INFO","message":"Socket connected","userId":"6895d75f48eecf826c964cc4","socketId":"s0ZAU14cQhSLyhatAAAZ","role":"student"}
{"timestamp":"2026-06-08T09:29:28.132Z","level":"INFO","message":"Socket disconnected","userId":"6895d75f48eecf826c964cc4","socketId":"s0ZAU14cQhSLyhatAAAZ","reason":"transport close"}
{"timestamp":"2026-06-08T09:29:29.830Z","level":"INFO","message":"Socket connected","userId":"6895d75f48eecf826c964cc4","socketId":"NhzKo_3V0UzZq67XAAAb","role":"student"}
{"timestamp":"2026-06-08T09:29:56.965Z","level":"INFO","message":"Socket disconnected","userId":"6895d75f48eecf826c964cc4","socketId":"NhzKo_3V0UzZq67XAAAb","reason":"transport close"}
{"timestamp":"2026-06-08T09:29:58.507Z","level":"INFO","message":"Socket connected","userId":"6895d75f48eecf826c964cc4","socketId":"lZAcFaU_vcsqhHZeAAAd","role":"student"}
{"timestamp":"2026-06-08T09:29:58.561Z","level":"INFO","message":"Socket connected","userId":"6895d75f48eecf826c964cc4","socketId":"BRaZG1gCFlJXu4iUAAAf","role":"student"}
{"timestamp":"2026-06-08T09:29:58.644Z","level":"INFO","message":"Socket disconnected","userId":"6895d75f48eecf826c964cc4","socketId":"BRaZG1gCFlJXu4iUAAAf","reason":"client namespace disconnect"}
{"timestamp":"2026-06-08T09:30:04.689Z","level":"INFO","message":"Socket disconnected","userId":"6895d75f48eecf826c964cc4","socketId":"lZAcFaU_vcsqhHZeAAAd","reason":"transport close"}
{"timestamp":"2026-06-08T09:30:06.233Z","level":"INFO","message":"Socket connected","userId":"6895d75f48eecf826c964cc4","socketId":"29MgWs9xDJ9N1oCVAAAh","role":"student"}
{"timestamp":"2026-06-08T09:31:22.338Z","level":"INFO","message":"Socket disconnected","userId":"6895d75f48eecf826c964cc4","socketId":"29MgWs9xDJ9N1oCVAAAh","reason":"transport close"}
{"timestamp":"2026-06-08T09:31:28.866Z","level":"INFO","message":"Socket connected","userId":"6895d75f48eecf826c964cc4","socketId":"SMYhXQUEetj4GqNvAAAk","role":"student"}
{"timestamp":"2026-06-08T09:31:32.423Z","level":"INFO","message":"Socket disconnected","userId":"6895d75f48eecf826c964cc4","socketId":"SMYhXQUEetj4GqNvAAAk","reason":"transport close"}
{"timestamp":"2026-06-08T09:31:34.273Z","level":"INFO","message":"Socket connected","userId":"6895d75f48eecf826c964cc4","socketId":"1YuzRQyml2svu-8yAAAm","role":"student"}
{"timestamp":"2026-06-08T09:32:27.547Z","level":"INFO","message":"Socket disconnected","userId":"6895d75f48eecf826c964cc4","socketId":"1YuzRQyml2svu-8yAAAm","reason":"client namespace disconnect"}
{"timestamp":"2026-06-08T09:35:59.946Z","level":"INFO","message":"Socket connected","userId":"68d0d2eb377d1188bce9215f","socketId":"Jj0o8i6kxNzBD8vyAAAo","role":"mentor"}
{"timestamp":"2026-06-08T09:36:11.314Z","level":"INFO","message":"Socket disconnected","userId":"68d0d2eb377d1188bce9215f","socketId":"Jj0o8i6kxNzBD8vyAAAo","reason":"transport close"}
{"timestamp":"2026-06-08T09:36:13.099Z","level":"INFO","message":"Socket connected","userId":"68d0d2eb377d1188bce9215f","socketId":"WM7nFK9z7tvz9btpAAAq","role":"mentor"}
{"timestamp":"2026-06-08T09:36:45.647Z","level":"INFO","message":"Socket disconnected","userId":"68d0d2eb377d1188bce9215f","socketId":"WM7nFK9z7tvz9btpAAAq","reason":"transport close"}
{"timestamp":"2026-06-08T09:36:47.328Z","level":"INFO","message":"Socket connected","userId":"68d0d2eb377d1188bce9215f","socketId":"e5UQEq-t76kjmbyyAAAs","role":"mentor"}
{"timestamp":"2026-06-08T09:37:10.946Z","level":"INFO","message":"Socket disconnected","userId":"68d0d2eb377d1188bce9215f","socketId":"e5UQEq-t76kjmbyyAAAs","reason":"client namespace disconnect"}
{"timestamp":"2026-06-08T09:37:13.322Z","level":"INFO","message":"Socket connected","userId":"68d0d2eb377d1188bce9215f","socketId":"O9mRyS8cyIwpgDkYAAAu","role":"mentor"}
{"timestamp":"2026-06-08T09:45:38.912Z","level":"INFO","message":"Socket disconnected","userId":"68d0d2eb377d1188bce9215f","socketId":"O9mRyS8cyIwpgDkYAAAu","reason":"client namespace disconnect"}
{"timestamp":"2026-06-08T09:45:41.994Z","level":"INFO","message":"Socket connected","userId":"68d0d2eb377d1188bce9215f","socketId":"FQEXyN8dpWY1pvy_AAAw","role":"mentor"}
{"timestamp":"2026-06-08T09:50:52.103Z","level":"INFO","message":"Socket disconnected","userId":"68d0d2eb377d1188bce9215f","socketId":"FQEXyN8dpWY1pvy_AAAw","reason":"ping timeout"}
{"timestamp":"2026-06-08T09:52:49.849Z","level":"INFO","message":"Socket connected","userId":"68d0d2eb377d1188bce9215f","socketId":"fzlvCKgTKqeXzhWnAAAy","role":"mentor"}
{"timestamp":"2026-06-09T06:24:52.758Z","level":"INFO","message":"Server running on port 5000","env":"development","port":"5000"}
{"timestamp":"2026-06-09T06:24:53.541Z","level":"INFO","message":"MongoDB connected"}
{"timestamp":"2026-06-09T07:42:38.848Z","level":"INFO","message":"Server running on port 5000","env":"development","port":"5000"}
{"timestamp":"2026-06-09T07:42:39.595Z","level":"INFO","message":"MongoDB connected"}
{"timestamp":"2026-06-09T07:42:39.634Z","level":"INFO","message":"[Hackathon Scheduler] Running initial status update..."}
{"timestamp":"2026-06-09T07:42:39.635Z","level":"INFO","message":"[Hackathon Scheduler] Scheduler started - runs every hour"}
{"timestamp":"2026-06-09T07:42:39.634Z","level":"INFO","message":"[Hackathon Scheduler] Starting status update..."}
{"timestamp":"2026-06-09T07:42:40.227Z","level":"INFO","message":"[Hackathon Scheduler] Completed. Updated 0 hackathon(s)."}
{"timestamp":"2026-06-09T07:43:55.583Z","level":"INFO","message":"Server running on port 5000","env":"development","port":"5000"}
{"timestamp":"2026-06-09T07:43:56.445Z","level":"INFO","message":"MongoDB connected"}
{"timestamp":"2026-06-09T07:43:56.474Z","level":"INFO","message":"[Hackathon Scheduler] Running initial status update..."}
{"timestamp":"2026-06-09T07:43:56.474Z","level":"INFO","message":"[Hackathon Scheduler] Starting status update..."}
{"timestamp":"2026-06-09T07:43:56.475Z","level":"INFO","message":"[Hackathon Scheduler] Scheduler started - runs every hour"}
{"timestamp":"2026-06-09T07:43:57.583Z","level":"INFO","message":"[Hackathon Scheduler] Completed. Updated 0 hackathon(s)."}
{"timestamp":"2026-06-09T08:19:16.927Z","level":"INFO","message":"Checking ongoing hackathon for student","studentId":"6895d75f48eecf826c964cc4"}
{"timestamp":"2026-06-09T08:29:14.806Z","level":"INFO","message":"Checking ongoing hackathon for student","studentId":"6895d75f48eecf826c964cc4"}
{"timestamp":"2026-06-09T08:30:00.059Z","level":"INFO","message":"[Hackathon Scheduler] Running scheduled status update..."}
{"timestamp":"2026-06-09T08:30:00.061Z","level":"INFO","message":"[Hackathon Scheduler] Starting status update..."}
{"timestamp":"2026-06-09T08:30:00.133Z","level":"INFO","message":"[Hackathon Scheduler] Completed. Updated 0 hackathon(s)."}
{"timestamp":"2026-06-09T08:31:15.476Z","level":"INFO","message":"Checking ongoing hackathon for student","studentId":"6895d75f48eecf826c964cc4"}
{"timestamp":"2026-06-09T08:31:19.498Z","level":"INFO","message":"Checking ongoing hackathon for student","studentId":"6895d75f48eecf826c964cc4"}
{"timestamp":"2026-06-09T08:31:19.526Z","level":"INFO","message":"Socket connected","userId":"6895d75f48eecf826c964cc4","socketId":"2C4Azamq7PNtLBzdAAAC","role":"student"}
{"timestamp":"2026-06-09T08:31:19.833Z","level":"INFO","message":"Checking ongoing hackathon for student","studentId":"6895d75f48eecf826c964cc4"}
{"timestamp":"2026-06-09T08:31:19.971Z","level":"INFO","message":"Checking ongoing hackathon for student","studentId":"6895d75f48eecf826c964cc4"}
{"timestamp":"2026-06-09T08:31:20.107Z","level":"INFO","message":"Checking ongoing hackathon for student","studentId":"6895d75f48eecf826c964cc4"}
{"timestamp":"2026-06-09T08:31:30.490Z","level":"INFO","message":"Socket disconnected","userId":"6895d75f48eecf826c964cc4","socketId":"2C4Azamq7PNtLBzdAAAC","reason":"transport close"}
{"timestamp":"2026-06-09T08:31:32.203Z","level":"INFO","message":"Checking ongoing hackathon for student","studentId":"6895d75f48eecf826c964cc4"}
{"timestamp":"2026-06-09T08:31:32.221Z","level":"INFO","message":"Socket connected","userId":"6895d75f48eecf826c964cc4","socketId":"WKLcL4db_9PGpaPGAAAF","role":"student"}
{"timestamp":"2026-06-09T08:31:32.539Z","level":"INFO","message":"Checking ongoing hackathon for student","studentId":"6895d75f48eecf826c964cc4"}
{"timestamp":"2026-06-09T08:31:36.414Z","level":"INFO","message":"Socket disconnected","userId":"6895d75f48eecf826c964cc4","socketId":"WKLcL4db_9PGpaPGAAAF","reason":"transport close"}
{"timestamp":"2026-06-09T08:31:38.063Z","level":"INFO","message":"Checking ongoing hackathon for student","studentId":"6895d75f48eecf826c964cc4"}
{"timestamp":"2026-06-09T08:31:38.075Z","level":"INFO","message":"Socket connected","userId":"6895d75f48eecf826c964cc4","socketId":"hF20DgxnEBylhSliAAAI","role":"student"}
{"timestamp":"2026-06-09T08:31:38.366Z","level":"INFO","message":"Checking ongoing hackathon for student","studentId":"6895d75f48eecf826c964cc4"}
{"timestamp":"2026-06-09T08:31:42.313Z","level":"INFO","message":"Socket disconnected","userId":"6895d75f48eecf826c964cc4","socketId":"hF20DgxnEBylhSliAAAI","reason":"transport close"}
{"timestamp":"2026-06-09T08:31:43.984Z","level":"INFO","message":"Checking ongoing hackathon for student","studentId":"6895d75f48eecf826c964cc4"}
{"timestamp":"2026-06-09T08:31:44.007Z","level":"INFO","message":"Socket connected","userId":"6895d75f48eecf826c964cc4","socketId":"7PdNNpgqe05ujDZ6AAAL","role":"student"}
{"timestamp":"2026-06-09T08:31:44.254Z","level":"INFO","message":"Checking ongoing hackathon for student","studentId":"6895d75f48eecf826c964cc4"}
{"timestamp":"2026-06-09T08:31:49.817Z","level":"INFO","message":"Socket disconnected","userId":"6895d75f48eecf826c964cc4","socketId":"7PdNNpgqe05ujDZ6AAAL","reason":"transport close"}
{"timestamp":"2026-06-09T08:31:51.456Z","level":"INFO","message":"Checking ongoing hackathon for student","studentId":"6895d75f48eecf826c964cc4"}
{"timestamp":"2026-06-09T08:31:51.470Z","level":"INFO","message":"Socket connected","userId":"6895d75f48eecf826c964cc4","socketId":"zPc1U_pezs3IyM3TAAAO","role":"student"}
{"timestamp":"2026-06-09T08:31:51.805Z","level":"INFO","message":"Checking ongoing hackathon for student","studentId":"6895d75f48eecf826c964cc4"}
{"timestamp":"2026-06-09T08:31:56.156Z","level":"INFO","message":"Socket disconnected","userId":"6895d75f48eecf826c964cc4","socketId":"zPc1U_pezs3IyM3TAAAO","reason":"transport close"}
{"timestamp":"2026-06-09T08:31:57.755Z","level":"INFO","message":"Checking ongoing hackathon for student","studentId":"6895d75f48eecf826c964cc4"}
{"timestamp":"2026-06-09T08:31:57.766Z","level":"INFO","message":"Socket connected","userId":"6895d75f48eecf826c964cc4","socketId":"IF_ItQwbsZdsWhAZAAAR","role":"student"}
{"timestamp":"2026-06-09T08:31:58.100Z","level":"INFO","message":"Checking ongoing hackathon for student","studentId":"6895d75f48eecf826c964cc4"}
{"timestamp":"2026-06-09T08:32:32.275Z","level":"INFO","message":"Socket connected","userId":"6895d75f48eecf826c964cc4","socketId":"q2cqH0vpsaMz0piRAAAT","role":"student"}
{"timestamp":"2026-06-09T08:32:32.436Z","level":"INFO","message":"Socket disconnected","userId":"6895d75f48eecf826c964cc4","socketId":"IF_ItQwbsZdsWhAZAAAR","reason":"client namespace disconnect"}
{"timestamp":"2026-06-09T08:32:32.438Z","level":"INFO","message":"Socket disconnected","userId":"6895d75f48eecf826c964cc4","socketId":"q2cqH0vpsaMz0piRAAAT","reason":"client namespace disconnect"}
{"timestamp":"2026-06-09T08:32:35.628Z","level":"INFO","message":"Checking ongoing hackathon for student","studentId":"6895d75f48eecf826c964cc4"}
{"timestamp":"2026-06-09T08:32:35.639Z","level":"INFO","message":"Socket connected","userId":"6895d75f48eecf826c964cc4","socketId":"h4ceHxydIGWQnL7WAAAW","role":"student"}
{"timestamp":"2026-06-09T08:32:35.657Z","level":"INFO","message":"Socket connected","userId":"6895d75f48eecf826c964cc4","socketId":"dOH0r6HnH8LxKfE9AAAY","role":"student"}
{"timestamp":"2026-06-09T08:32:35.844Z","level":"INFO","message":"Socket disconnected","userId":"6895d75f48eecf826c964cc4","socketId":"h4ceHxydIGWQnL7WAAAW","reason":"client namespace disconnect"}
{"timestamp":"2026-06-09T08:32:35.845Z","level":"INFO","message":"Socket disconnected","userId":"6895d75f48eecf826c964cc4","socketId":"dOH0r6HnH8LxKfE9AAAY","reason":"client namespace disconnect"}
{"timestamp":"2026-06-09T08:32:35.930Z","level":"INFO","message":"Checking ongoing hackathon for student","studentId":"6895d75f48eecf826c964cc4"}
{"timestamp":"2026-06-09T08:32:44.529Z","level":"INFO","message":"Checking ongoing hackathon for student","studentId":"6895d75f48eecf826c964cc4"}
{"timestamp":"2026-06-09T08:32:44.540Z","level":"INFO","message":"Socket connected","userId":"6895d75f48eecf826c964cc4","socketId":"_v-2fFv94FdMMZM5AAAb","role":"student"}
{"timestamp":"2026-06-09T08:32:44.878Z","level":"INFO","message":"Checking ongoing hackathon for student","studentId":"6895d75f48eecf826c964cc4"}
{"timestamp":"2026-06-09T08:36:23.584Z","level":"INFO","message":"Server running on port 5000","env":"development","port":"5000"}
{"timestamp":"2026-06-09T08:36:24.429Z","level":"INFO","message":"MongoDB connected"}
{"timestamp":"2026-06-09T08:36:24.448Z","level":"INFO","message":"[Hackathon Scheduler] Scheduler started - runs every hour"}
{"timestamp":"2026-06-09T08:36:24.447Z","level":"INFO","message":"[Hackathon Scheduler] Starting status update..."}
{"timestamp":"2026-06-09T08:36:24.446Z","level":"INFO","message":"[Hackathon Scheduler] Running initial status update..."}
{"timestamp":"2026-06-09T08:36:25.322Z","level":"INFO","message":"[Hackathon Scheduler] Completed. Updated 0 hackathon(s)."}
{"timestamp":"2026-06-09T08:36:28.659Z","level":"INFO","message":"Checking ongoing hackathon for student","studentId":"6895d75f48eecf826c964cc4"}
{"timestamp":"2026-06-09T08:36:32.829Z","level":"INFO","message":"Checking ongoing hackathon for student","studentId":"6895d75f48eecf826c964cc4"}
{"timestamp":"2026-06-09T08:36:32.862Z","level":"INFO","message":"Socket connected","userId":"6895d75f48eecf826c964cc4","socketId":"ULT6cMkCq6TzJne9AAAC","role":"student"}
{"timestamp":"2026-06-09T08:36:33.125Z","level":"INFO","message":"Checking ongoing hackathon for student","studentId":"6895d75f48eecf826c964cc4"}
{"timestamp":"2026-06-09T08:36:33.232Z","level":"INFO","message":"Checking ongoing hackathon for student","studentId":"6895d75f48eecf826c964cc4"}
{"timestamp":"2026-06-09T08:36:33.347Z","level":"INFO","message":"Checking ongoing hackathon for student","studentId":"6895d75f48eecf826c964cc4"}
{"timestamp":"2026-06-09T08:36:35.688Z","level":"INFO","message":"Socket disconnected","userId":"6895d75f48eecf826c964cc4","socketId":"ULT6cMkCq6TzJne9AAAC","reason":"transport close"}
{"timestamp":"2026-06-09T08:36:37.346Z","level":"INFO","message":"Checking ongoing hackathon for student","studentId":"6895d75f48eecf826c964cc4"}
{"timestamp":"2026-06-09T08:36:37.397Z","level":"INFO","message":"Socket connected","userId":"6895d75f48eecf826c964cc4","socketId":"qoPCt9suTc2wEBjwAAAF","role":"student"}
{"timestamp":"2026-06-09T08:36:37.668Z","level":"INFO","message":"Checking ongoing hackathon for student","studentId":"6895d75f48eecf826c964cc4"}
{"timestamp":"2026-06-09T08:36:39.172Z","level":"INFO","message":"Socket disconnected","userId":"6895d75f48eecf826c964cc4","socketId":"qoPCt9suTc2wEBjwAAAF","reason":"transport close"}
{"timestamp":"2026-06-09T08:36:40.787Z","level":"INFO","message":"Checking ongoing hackathon for student","studentId":"6895d75f48eecf826c964cc4"}
{"timestamp":"2026-06-09T08:36:40.827Z","level":"INFO","message":"Socket connected","userId":"6895d75f48eecf826c964cc4","socketId":"2ItFAlygOE-1T1NXAAAI","role":"student"}
{"timestamp":"2026-06-09T08:36:41.121Z","level":"INFO","message":"Checking ongoing hackathon for student","studentId":"6895d75f48eecf826c964cc4"}
{"timestamp":"2026-06-09T08:36:41.248Z","level":"INFO","message":"Checking ongoing hackathon for student","studentId":"6895d75f48eecf826c964cc4"}
{"timestamp":"2026-06-09T08:36:41.563Z","level":"INFO","message":"Checking ongoing hackathon for student","studentId":"6895d75f48eecf826c964cc4"}
{"timestamp":"2026-06-09T08:36:44.185Z","level":"INFO","message":"Socket disconnected","userId":"6895d75f48eecf826c964cc4","socketId":"2ItFAlygOE-1T1NXAAAI","reason":"transport close"}
{"timestamp":"2026-06-09T08:36:45.795Z","level":"INFO","message":"Checking ongoing hackathon for student","studentId":"6895d75f48eecf826c964cc4"}
{"timestamp":"2026-06-09T08:36:45.814Z","level":"INFO","message":"Socket connected","userId":"6895d75f48eecf826c964cc4","socketId":"pKfh7d3lUwPFM_eJAAAL","role":"student"}
{"timestamp":"2026-06-09T08:36:46.136Z","level":"INFO","message":"Checking ongoing hackathon for student","studentId":"6895d75f48eecf826c964cc4"}
{"timestamp":"2026-06-09T08:36:49.766Z","level":"INFO","message":"Socket disconnected","userId":"6895d75f48eecf826c964cc4","socketId":"pKfh7d3lUwPFM_eJAAAL","reason":"transport close"}
{"timestamp":"2026-06-09T08:36:51.350Z","level":"INFO","message":"Checking ongoing hackathon for student","studentId":"6895d75f48eecf826c964cc4"}
{"timestamp":"2026-06-09T08:36:51.372Z","level":"INFO","message":"Socket connected","userId":"6895d75f48eecf826c964cc4","socketId":"ba2QwTuedAGJtRJYAAAO","role":"student"}
{"timestamp":"2026-06-09T08:36:51.689Z","level":"INFO","message":"Checking ongoing hackathon for student","studentId":"6895d75f48eecf826c964cc4"}
{"timestamp":"2026-06-09T08:36:51.815Z","level":"INFO","message":"Checking ongoing hackathon for student","studentId":"6895d75f48eecf826c964cc4"}
{"timestamp":"2026-06-09T08:36:51.955Z","level":"INFO","message":"Checking ongoing hackathon for student","studentId":"6895d75f48eecf826c964cc4"}
{"timestamp":"2026-06-09T08:36:54.092Z","level":"INFO","message":"Socket disconnected","userId":"6895d75f48eecf826c964cc4","socketId":"ba2QwTuedAGJtRJYAAAO","reason":"transport close"}
{"timestamp":"2026-06-09T08:36:55.749Z","level":"INFO","message":"Checking ongoing hackathon for student","studentId":"6895d75f48eecf826c964cc4"}
{"timestamp":"2026-06-09T08:36:55.774Z","level":"INFO","message":"Socket connected","userId":"6895d75f48eecf826c964cc4","socketId":"S5WOlDXxHVG2LQOtAAAR","role":"student"}
{"timestamp":"2026-06-09T08:36:56.011Z","level":"INFO","message":"Checking ongoing hackathon for student","studentId":"6895d75f48eecf826c964cc4"}
{"timestamp":"2026-06-09T08:37:05.228Z","level":"INFO","message":"Socket disconnected","userId":"6895d75f48eecf826c964cc4","socketId":"S5WOlDXxHVG2LQOtAAAR","reason":"client namespace disconnect"}
{"timestamp":"2026-06-09T08:37:11.011Z","level":"INFO","message":"Socket connected","userId":"68d0d2eb377d1188bce9215f","socketId":"us7qb1YKkSEzlLRFAAAU","role":"mentor"}
{"timestamp":"2026-06-09T08:37:12.804Z","level":"INFO","message":"Socket disconnected","userId":"68d0d2eb377d1188bce9215f","socketId":"us7qb1YKkSEzlLRFAAAU","reason":"transport close"}
{"timestamp":"2026-06-09T08:37:14.471Z","level":"INFO","message":"Socket connected","userId":"68d0d2eb377d1188bce9215f","socketId":"I1xB2saNQefxOd8HAAAX","role":"mentor"}
{"timestamp":"2026-06-09T08:37:17.716Z","level":"INFO","message":"Socket disconnected","userId":"68d0d2eb377d1188bce9215f","socketId":"I1xB2saNQefxOd8HAAAX","reason":"transport close"}
{"timestamp":"2026-06-09T08:37:19.386Z","level":"INFO","message":"Socket connected","userId":"68d0d2eb377d1188bce9215f","socketId":"yQdyq1EE-_jZ2WhdAAAa","role":"mentor"}
{"timestamp":"2026-06-09T08:37:24.197Z","level":"INFO","message":"Socket disconnected","userId":"68d0d2eb377d1188bce9215f","socketId":"yQdyq1EE-_jZ2WhdAAAa","reason":"transport close"}
{"timestamp":"2026-06-09T08:37:25.890Z","level":"INFO","message":"Socket connected","userId":"68d0d2eb377d1188bce9215f","socketId":"Gjl66DY2EjM0HTx1AAAd","role":"mentor"}
{"timestamp":"2026-06-09T08:37:36.175Z","level":"INFO","message":"Socket disconnected","userId":"68d0d2eb377d1188bce9215f","socketId":"Gjl66DY2EjM0HTx1AAAd","reason":"transport close"}
{"timestamp":"2026-06-09T08:37:37.823Z","level":"INFO","message":"Socket connected","userId":"68d0d2eb377d1188bce9215f","socketId":"GiCEhILtnStl8DxTAAAg","role":"mentor"}
{"timestamp":"2026-06-09T08:37:53.014Z","level":"INFO","message":"Socket disconnected","userId":"68d0d2eb377d1188bce9215f","socketId":"GiCEhILtnStl8DxTAAAg","reason":"transport close"}
{"timestamp":"2026-06-09T08:37:54.659Z","level":"INFO","message":"Socket connected","userId":"68d0d2eb377d1188bce9215f","socketId":"6kZmnwvCB39XkbfQAAAj","role":"mentor"}
{"timestamp":"2026-06-09T08:37:59.017Z","level":"INFO","message":"Socket disconnected","userId":"68d0d2eb377d1188bce9215f","socketId":"6kZmnwvCB39XkbfQAAAj","reason":"transport close"}
{"timestamp":"2026-06-09T08:38:00.662Z","level":"INFO","message":"Socket connected","userId":"68d0d2eb377d1188bce9215f","socketId":"XJCNff-KXTuE-rRxAAAm","role":"mentor"}
{"timestamp":"2026-06-09T08:38:04.227Z","level":"INFO","message":"Socket disconnected","userId":"68d0d2eb377d1188bce9215f","socketId":"XJCNff-KXTuE-rRxAAAm","reason":"transport close"}
{"timestamp":"2026-06-09T08:38:07.883Z","level":"INFO","message":"Socket connected","userId":"68d0d2eb377d1188bce9215f","socketId":"V9-Q3eEoXIE47MjyAAAp","role":"mentor"}
{"timestamp":"2026-06-09T08:38:12.939Z","level":"INFO","message":"Socket disconnected","userId":"68d0d2eb377d1188bce9215f","socketId":"V9-Q3eEoXIE47MjyAAAp","reason":"client namespace disconnect"}
{"timestamp":"2026-06-09T08:38:16.016Z","level":"INFO","message":"Socket connected","userId":"68d0d2eb377d1188bce9215f","socketId":"fwCOCOXmeV6EhgK3AAAs","role":"mentor"}
{"timestamp":"2026-06-09T08:38:45.315Z","level":"INFO","message":"Socket connected","userId":"68d0d2eb377d1188bce9215f","socketId":"fay4_cAcjuMExbz3AAAu","role":"mentor"}
{"timestamp":"2026-06-09T08:38:45.469Z","level":"INFO","message":"Socket disconnected","userId":"68d0d2eb377d1188bce9215f","socketId":"fwCOCOXmeV6EhgK3AAAs","reason":"client namespace disconnect"}
{"timestamp":"2026-06-09T08:38:45.471Z","level":"INFO","message":"Socket disconnected","userId":"68d0d2eb377d1188bce9215f","socketId":"fay4_cAcjuMExbz3AAAu","reason":"client namespace disconnect"}
{"timestamp":"2026-06-09T08:38:51.579Z","level":"INFO","message":"Socket connected","userId":"68d0d2eb377d1188bce9215f","socketId":"kSPUd-z6q1lI77l5AAAx","role":"mentor"}
{"timestamp":"2026-06-09T08:38:54.900Z","level":"INFO","message":"Socket disconnected","userId":"68d0d2eb377d1188bce9215f","socketId":"kSPUd-z6q1lI77l5AAAx","reason":"transport close"}
{"timestamp":"2026-06-09T08:38:56.565Z","level":"INFO","message":"Socket connected","userId":"68d0d2eb377d1188bce9215f","socketId":"ADze4RPumA27uZlkAAA0","role":"mentor"}
{"timestamp":"2026-06-09T08:39:08.504Z","level":"INFO","message":"Socket disconnected","userId":"68d0d2eb377d1188bce9215f","socketId":"ADze4RPumA27uZlkAAA0","reason":"transport close"}
{"timestamp":"2026-06-09T08:39:10.153Z","level":"INFO","message":"Socket connected","userId":"68d0d2eb377d1188bce9215f","socketId":"KEVwhskIClY1mRIlAAA3","role":"mentor"}
{"timestamp":"2026-06-09T08:39:17.166Z","level":"INFO","message":"Socket disconnected","userId":"68d0d2eb377d1188bce9215f","socketId":"KEVwhskIClY1mRIlAAA3","reason":"client namespace disconnect"}
{"timestamp":"2026-06-09T08:41:32.640Z","level":"INFO","message":"Socket connected","userId":"68bfe414f9d4f7c82f15f87d","socketId":"Pklf3iQf91V07tR7AAA6","role":"coordinator"}
{"timestamp":"2026-06-09T08:41:41.604Z","level":"INFO","message":"Socket disconnected","userId":"68bfe414f9d4f7c82f15f87d","socketId":"Pklf3iQf91V07tR7AAA6","reason":"transport close"}
{"timestamp":"2026-06-09T08:41:43.324Z","level":"INFO","message":"Socket connected","userId":"68bfe414f9d4f7c82f15f87d","socketId":"68dD1JaGdZFyatrlAAA9","role":"coordinator"}
{"timestamp":"2026-06-09T08:41:51.020Z","level":"INFO","message":"Socket disconnected","userId":"68bfe414f9d4f7c82f15f87d","socketId":"68dD1JaGdZFyatrlAAA9","reason":"transport close"}
{"timestamp":"2026-06-09T08:41:52.633Z","level":"INFO","message":"Socket connected","userId":"68bfe414f9d4f7c82f15f87d","socketId":"IUk0QsJuNvAY7FqQAABA","role":"coordinator"}
{"timestamp":"2026-06-09T08:41:55.539Z","level":"INFO","message":"Socket disconnected","userId":"68bfe414f9d4f7c82f15f87d","socketId":"IUk0QsJuNvAY7FqQAABA","reason":"transport close"}
{"timestamp":"2026-06-09T08:41:57.139Z","level":"INFO","message":"Socket connected","userId":"68bfe414f9d4f7c82f15f87d","socketId":"40yODIbA-QcLE2wIAABD","role":"coordinator"}
{"timestamp":"2026-06-09T08:41:58.942Z","level":"INFO","message":"Socket disconnected","userId":"68bfe414f9d4f7c82f15f87d","socketId":"40yODIbA-QcLE2wIAABD","reason":"transport close"}
{"timestamp":"2026-06-09T08:42:00.567Z","level":"INFO","message":"Socket connected","userId":"68bfe414f9d4f7c82f15f87d","socketId":"0NPfGSOKkqmiQiV4AABG","role":"coordinator"}
{"timestamp":"2026-06-09T08:42:20.796Z","level":"INFO","message":"Socket disconnected","userId":"68bfe414f9d4f7c82f15f87d","socketId":"0NPfGSOKkqmiQiV4AABG","reason":"transport close"}
{"timestamp":"2026-06-09T08:42:24.491Z","level":"INFO","message":"Socket connected","userId":"68bfe414f9d4f7c82f15f87d","socketId":"2QlODrRtpexgi0abAABJ","role":"coordinator"}
{"timestamp":"2026-06-09T08:42:27.821Z","level":"INFO","message":"Socket disconnected","userId":"68bfe414f9d4f7c82f15f87d","socketId":"2QlODrRtpexgi0abAABJ","reason":"transport close"}
{"timestamp":"2026-06-09T08:42:30.907Z","level":"INFO","message":"Socket connected","userId":"68bfe414f9d4f7c82f15f87d","socketId":"kUXhN9VuaXA1ThuxAABM","role":"coordinator"}
